add f4239
sub fff0bdb9
mul ff953040
mulwrap d4a51000
div fffdd1f7
divneg fffffffd
divzero 0
mindiv 7fffffff
mod 1
and 4240
or fffffff9
xor fff0bdb9
shl ffffff90
shr fffffffc
lt 1
eq 1
not 1
neg fff0bdc0
fromf 3
fromfneg fffffffd
tof -7
mixed 1e+06
mixed2 -17.5
mixedcmp 1
udiv 4f790d55
ushr ee6b280
ult 1
ladd 1cbe991ffb
lmul 704886000000
ldiv fffffffa4047c667
land ffffffff80000000
lshl fffffffffffffb00
lshr fffffffff0000000
llt 1
ltoi be992000
itol fffffffffffffff9
dadd 3.1
ddiv 0.333333
dmul 0.3
dlt 1
dtof 0.7
ftod 0.1
